
> marcenaria@0.1.0 build
> next build

   Ôû▓ Next.js 14.1.0
   - Environments: .env

   Creating an optimized production build ...
 Ô£ô Compiled successfully
   Linting and checking validity of types ...
   Collecting page data ...
   Generating static pages (0/6) ...
TypeError: (0 , d.F) is not a function
    at p (C:\Users\ilson\proj\marcenaria\.next\server\app\dashboard\page.js:13:2568)
    at em (C:\Users\ilson\proj\marcenaria\node_modules\next\dist\compiled\next-server\app-page.runtime.prod.js:12:131226)
    at C:\Users\ilson\proj\marcenaria\node_modules\next\dist\compiled\next-server\app-page.runtime.prod.js:12:142926
    at Array.toJSON (C:\Users\ilson\proj\marcenaria\node_modules\next\dist\compiled\next-server\app-page.runtime.prod.js:12:146504)
    at stringify (<anonymous>)
    at eR (C:\Users\ilson\proj\marcenaria\node_modules\next\dist\compiled\next-server\app-page.runtime.prod.js:12:134889)
    at eP (C:\Users\ilson\proj\marcenaria\node_modules\next\dist\compiled\next-server\app-page.runtime.prod.js:12:135332)
    at AsyncLocalStorage.run (node:internal/async_local_storage/async_hooks:91:14)
    at Timeout._onTimeout (C:\Users\ilson\proj\marcenaria\node_modules\next\dist\compiled\next-server\app-page.runtime.prod.js:12:146956)
    at listOnTimeout (node:internal/timers:588:17)
TypeError: (0 , d.F) is not a function
    at p (C:\Users\ilson\proj\marcenaria\.next\server\app\dashboard\page.js:13:2568)
    at em (C:\Users\ilson\proj\marcenaria\node_modules\next\dist\compiled\next-server\app-page.runtime.prod.js:12:131226)
    at C:\Users\ilson\proj\marcenaria\node_modules\next\dist\compiled\next-server\app-page.runtime.prod.js:12:142926
    at Array.toJSON (C:\Users\ilson\proj\marcenaria\node_modules\next\dist\compiled\next-server\app-page.runtime.prod.js:12:146504)
    at stringify (<anonymous>)
    at eR (C:\Users\ilson\proj\marcenaria\node_modules\next\dist\compiled\next-server\app-page.runtime.prod.js:12:134889)
    at eP (C:\Users\ilson\proj\marcenaria\node_modules\next\dist\compiled\next-server\app-page.runtime.prod.js:12:135332)
    at Timeout._onTimeout (C:\Users\ilson\proj\marcenaria\node_modules\next\dist\compiled\next-server\app-page.runtime.prod.js:12:132112)
    at listOnTimeout (node:internal/timers:588:17)
    at process.processTimers (node:internal/timers:523:7)

Error occurred prerendering page "/login". Read more: https://nextjs.org/docs/messages/prerender-error

TypeError: (0 , d.F) is not a function
    at p (C:\Users\ilson\proj\marcenaria\.next\server\app\dashboard\page.js:13:2568)
    at em (C:\Users\ilson\proj\marcenaria\node_modules\next\dist\compiled\next-server\app-page.runtime.prod.js:12:131226)
    at C:\Users\ilson\proj\marcenaria\node_modules\next\dist\compiled\next-server\app-page.runtime.prod.js:12:142926
    at Array.toJSON (C:\Users\ilson\proj\marcenaria\node_modules\next\dist\compiled\next-server\app-page.runtime.prod.js:12:146504)
    at stringify (<anonymous>)
    at eR (C:\Users\ilson\proj\marcenaria\node_modules\next\dist\compiled\next-server\app-page.runtime.prod.js:12:134889)
    at eP (C:\Users\ilson\proj\marcenaria\node_modules\next\dist\compiled\next-server\app-page.runtime.prod.js:12:135332)
    at AsyncLocalStorage.run (node:internal/async_local_storage/async_hooks:91:14)
    at Timeout._onTimeout (C:\Users\ilson\proj\marcenaria\node_modules\next\dist\compiled\next-server\app-page.runtime.prod.js:12:146956)
    at listOnTimeout (node:internal/timers:588:17)

   Generating static pages (1/6) 
TypeError: (0 , c.F) is not a function
    at p (C:\Users\ilson\proj\marcenaria\.next\server\app\page.js:1:2595)
    at em (C:\Users\ilson\proj\marcenaria\node_modules\next\dist\compiled\next-server\app-page.runtime.prod.js:12:131226)
    at C:\Users\ilson\proj\marcenaria\node_modules\next\dist\compiled\next-server\app-page.runtime.prod.js:12:142926
    at Array.toJSON (C:\Users\ilson\proj\marcenaria\node_modules\next\dist\compiled\next-server\app-page.runtime.prod.js:12:146504)
    at stringify (<anonymous>)
    at eR (C:\Users\ilson\proj\marcenaria\node_modules\next\dist\compiled\next-server\app-page.runtime.prod.js:12:134889)
    at eP (C:\Users\ilson\proj\marcenaria\node_modules\next\dist\compiled\next-server\app-page.runtime.prod.js:12:135332)
    at AsyncLocalStorage.run (node:internal/async_local_storage/async_hooks:91:14)
    at Timeout._onTimeout (C:\Users\ilson\proj\marcenaria\node_modules\next\dist\compiled\next-server\app-page.runtime.prod.js:12:146956)
    at listOnTimeout (node:internal/timers:588:17)
TypeError: (0 , c.F) is not a function
    at p (C:\Users\ilson\proj\marcenaria\.next\server\app\page.js:1:2595)
    at em (C:\Users\ilson\proj\marcenaria\node_modules\next\dist\compiled\next-server\app-page.runtime.prod.js:12:131226)
    at C:\Users\ilson\proj\marcenaria\node_modules\next\dist\compiled\next-server\app-page.runtime.prod.js:12:142926
    at Array.toJSON (C:\Users\ilson\proj\marcenaria\node_modules\next\dist\compiled\next-server\app-page.runtime.prod.js:12:146504)
    at stringify (<anonymous>)
    at eR (C:\Users\ilson\proj\marcenaria\node_modules\next\dist\compiled\next-server\app-page.runtime.prod.js:12:134889)
    at eP (C:\Users\ilson\proj\marcenaria\node_modules\next\dist\compiled\next-server\app-page.runtime.prod.js:12:135332)
    at Timeout._onTimeout (C:\Users\ilson\proj\marcenaria\node_modules\next\dist\compiled\next-server\app-page.runtime.prod.js:12:132112)
    at listOnTimeout (node:internal/timers:588:17)
    at process.processTimers (node:internal/timers:523:7)
TypeError: (0 , c.F) is not a function
    at m (C:\Users\ilson\proj\marcenaria\.next\server\app\_not-found.js:1:2554)
    at em (C:\Users\ilson\proj\marcenaria\node_modules\next\dist\compiled\next-server\app-page.runtime.prod.js:12:131226)
    at C:\Users\ilson\proj\marcenaria\node_modules\next\dist\compiled\next-server\app-page.runtime.prod.js:12:142926
    at Array.toJSON (C:\Users\ilson\proj\marcenaria\node_modules\next\dist\compiled\next-server\app-page.runtime.prod.js:12:146504)
    at stringify (<anonymous>)
    at eR (C:\Users\ilson\proj\marcenaria\node_modules\next\dist\compiled\next-server\app-page.runtime.prod.js:12:134889)
    at eP (C:\Users\ilson\proj\marcenaria\node_modules\next\dist\compiled\next-server\app-page.runtime.prod.js:12:135332)
    at AsyncLocalStorage.run (node:internal/async_local_storage/async_hooks:91:14)
    at Timeout._onTimeout (C:\Users\ilson\proj\marcenaria\node_modules\next\dist\compiled\next-server\app-page.runtime.prod.js:12:146956)
    at listOnTimeout (node:internal/timers:588:17)
TypeError: (0 , c.F) is not a function
    at m (C:\Users\ilson\proj\marcenaria\.next\server\app\_not-found.js:1:2554)
    at em (C:\Users\ilson\proj\marcenaria\node_modules\next\dist\compiled\next-server\app-page.runtime.prod.js:12:131226)
    at C:\Users\ilson\proj\marcenaria\node_modules\next\dist\compiled\next-server\app-page.runtime.prod.js:12:142926
    at Array.toJSON (C:\Users\ilson\proj\marcenaria\node_modules\next\dist\compiled\next-server\app-page.runtime.prod.js:12:146504)
    at stringify (<anonymous>)
    at eR (C:\Users\ilson\proj\marcenaria\node_modules\next\dist\compiled\next-server\app-page.runtime.prod.js:12:134889)
    at eP (C:\Users\ilson\proj\marcenaria\node_modules\next\dist\compiled\next-server\app-page.runtime.prod.js:12:135332)
    at Timeout._onTimeout (C:\Users\ilson\proj\marcenaria\node_modules\next\dist\compiled\next-server\app-page.runtime.prod.js:12:132112)
    at listOnTimeout (node:internal/timers:588:17)
    at process.processTimers (node:internal/timers:523:7)
TypeError: (0 , d.F) is not a function
    at p (C:\Users\ilson\proj\marcenaria\.next\server\app\dashboard\page.js:13:2568)
    at em (C:\Users\ilson\proj\marcenaria\node_modules\next\dist\compiled\next-server\app-page.runtime.prod.js:12:131226)
    at C:\Users\ilson\proj\marcenaria\node_modules\next\dist\compiled\next-server\app-page.runtime.prod.js:12:142926
    at Array.toJSON (C:\Users\ilson\proj\marcenaria\node_modules\next\dist\compiled\next-server\app-page.runtime.prod.js:12:146504)
    at stringify (<anonymous>)
    at eR (C:\Users\ilson\proj\marcenaria\node_modules\next\dist\compiled\next-server\app-page.runtime.prod.js:12:134889)
    at eP (C:\Users\ilson\proj\marcenaria\node_modules\next\dist\compiled\next-server\app-page.runtime.prod.js:12:135332)
    at AsyncLocalStorage.run (node:internal/async_local_storage/async_hooks:91:14)
    at Timeout._onTimeout (C:\Users\ilson\proj\marcenaria\node_modules\next\dist\compiled\next-server\app-page.runtime.prod.js:12:146956)
    at listOnTimeout (node:internal/timers:588:17)
TypeError: (0 , d.F) is not a function
    at p (C:\Users\ilson\proj\marcenaria\.next\server\app\dashboard\page.js:13:2568)
    at em (C:\Users\ilson\proj\marcenaria\node_modules\next\dist\compiled\next-server\app-page.runtime.prod.js:12:131226)
    at C:\Users\ilson\proj\marcenaria\node_modules\next\dist\compiled\next-server\app-page.runtime.prod.js:12:142926
    at Array.toJSON (C:\Users\ilson\proj\marcenaria\node_modules\next\dist\compiled\next-server\app-page.runtime.prod.js:12:146504)
    at stringify (<anonymous>)
    at eR (C:\Users\ilson\proj\marcenaria\node_modules\next\dist\compiled\next-server\app-page.runtime.prod.js:12:134889)
    at eP (C:\Users\ilson\proj\marcenaria\node_modules\next\dist\compiled\next-server\app-page.runtime.prod.js:12:135332)
    at Timeout._onTimeout (C:\Users\ilson\proj\marcenaria\node_modules\next\dist\compiled\next-server\app-page.runtime.prod.js:12:132112)
    at listOnTimeout (node:internal/timers:588:17)
    at process.processTimers (node:internal/timers:523:7)

Error occurred prerendering page "/". Read more: https://nextjs.org/docs/messages/prerender-error

TypeError: (0 , c.F) is not a function
    at p (C:\Users\ilson\proj\marcenaria\.next\server\app\page.js:1:2595)
    at em (C:\Users\ilson\proj\marcenaria\node_modules\next\dist\compiled\next-server\app-page.runtime.prod.js:12:131226)
    at C:\Users\ilson\proj\marcenaria\node_modules\next\dist\compiled\next-server\app-page.runtime.prod.js:12:142926
    at Array.toJSON (C:\Users\ilson\proj\marcenaria\node_modules\next\dist\compiled\next-server\app-page.runtime.prod.js:12:146504)
    at stringify (<anonymous>)
    at eR (C:\Users\ilson\proj\marcenaria\node_modules\next\dist\compiled\next-server\app-page.runtime.prod.js:12:134889)
    at eP (C:\Users\ilson\proj\marcenaria\node_modules\next\dist\compiled\next-server\app-page.runtime.prod.js:12:135332)
    at AsyncLocalStorage.run (node:internal/async_local_storage/async_hooks:91:14)
    at Timeout._onTimeout (C:\Users\ilson\proj\marcenaria\node_modules\next\dist\compiled\next-server\app-page.runtime.prod.js:12:146956)
    at listOnTimeout (node:internal/timers:588:17)

   Generating static pages (2/6) 

   Generating static pages (4/6) 

Error occurred prerendering page "/_not-found". Read more: https://nextjs.org/docs/messages/prerender-error

TypeError: (0 , c.F) is not a function
    at m (C:\Users\ilson\proj\marcenaria\.next\server\app\_not-found.js:1:2554)
    at em (C:\Users\ilson\proj\marcenaria\node_modules\next\dist\compiled\next-server\app-page.runtime.prod.js:12:131226)
    at C:\Users\ilson\proj\marcenaria\node_modules\next\dist\compiled\next-server\app-page.runtime.prod.js:12:142926
    at Array.toJSON (C:\Users\ilson\proj\marcenaria\node_modules\next\dist\compiled\next-server\app-page.runtime.prod.js:12:146504)
    at stringify (<anonymous>)
    at eR (C:\Users\ilson\proj\marcenaria\node_modules\next\dist\compiled\next-server\app-page.runtime.prod.js:12:134889)
    at eP (C:\Users\ilson\proj\marcenaria\node_modules\next\dist\compiled\next-server\app-page.runtime.prod.js:12:135332)
    at AsyncLocalStorage.run (node:internal/async_local_storage/async_hooks:91:14)
    at Timeout._onTimeout (C:\Users\ilson\proj\marcenaria\node_modules\next\dist\compiled\next-server\app-page.runtime.prod.js:12:146956)
    at listOnTimeout (node:internal/timers:588:17)

Error occurred prerendering page "/dashboard". Read more: https://nextjs.org/docs/messages/prerender-error

TypeError: (0 , d.F) is not a function
    at p (C:\Users\ilson\proj\marcenaria\.next\server\app\dashboard\page.js:13:2568)
    at em (C:\Users\ilson\proj\marcenaria\node_modules\next\dist\compiled\next-server\app-page.runtime.prod.js:12:131226)
    at C:\Users\ilson\proj\marcenaria\node_modules\next\dist\compiled\next-server\app-page.runtime.prod.js:12:142926
    at Array.toJSON (C:\Users\ilson\proj\marcenaria\node_modules\next\dist\compiled\next-server\app-page.runtime.prod.js:12:146504)
    at stringify (<anonymous>)
    at eR (C:\Users\ilson\proj\marcenaria\node_modules\next\dist\compiled\next-server\app-page.runtime.prod.js:12:134889)
    at eP (C:\Users\ilson\proj\marcenaria\node_modules\next\dist\compiled\next-server\app-page.runtime.prod.js:12:135332)
    at AsyncLocalStorage.run (node:internal/async_local_storage/async_hooks:91:14)
    at Timeout._onTimeout (C:\Users\ilson\proj\marcenaria\node_modules\next\dist\compiled\next-server\app-page.runtime.prod.js:12:146956)
    at listOnTimeout (node:internal/timers:588:17)

 Ô£ô Generating static pages (6/6) 

> Export encountered errors on following paths:
	/_not-found
	/dashboard/page: /dashboard
	/login/page: /login
	/page: /
